mysql> use test
Reading table information for completion of table and column names
You can turn off this feature to get a quicker startup with -A

Database changed
mysql> show tables;
+----------------+
| Tables_in_test |
+----------------+
| choices        |
| questions      |
| quizzes        |
| user_answers   |
| users          |
+----------------+
5 rows in set (0.01 sec)

mysql> describe choices;
+------------+--------------+------+-----+---------+----------------+
| Field      | Type         | Null | Key | Default | Extra          |
+------------+--------------+------+-----+---------+----------------+
| id         | int          | NO   | PRI | NULL    | auto_increment |
| choice     | varchar(255) | NO   |     | NULL    |                |
| is_correct | tinyint(1)   | NO   |     | NULL    |                |
| createdAt  | datetime     | NO   |     | NULL    |                |
| updatedAt  | datetime     | NO   |     | NULL    |                |
| questionId | int          | YES  | MUL | NULL    |                |
+------------+--------------+------+-----+---------+----------------+
6 rows in set (0.01 sec)

mysql> describe questoins
    -> ^C
mysql> describe questions
    -> ;
+-----------+--------------+------+-----+---------+----------------+
| Field     | Type         | Null | Key | Default | Extra          |
+-----------+--------------+------+-----+---------+----------------+
| id        | int          | NO   | PRI | NULL    | auto_increment |
| question  | varchar(255) | YES  |     | NULL    |                |
| createdAt | datetime     | NO   |     | NULL    |                |
| updatedAt | datetime     | NO   |     | NULL    |                |
| quizId    | int          | YES  | MUL | NULL    |                |
+-----------+--------------+------+-----+---------+----------------+
5 rows in set (0.01 sec)

mysql> describe quizzes;
+-----------+--------------+------+-----+---------+----------------+
| Field     | Type         | Null | Key | Default | Extra          |
+-----------+--------------+------+-----+---------+----------------+
| id        | int          | NO   | PRI | NULL    | auto_increment |
| title     | varchar(255) | NO   |     | NULL    |                |
| createdAt | datetime     | NO   |     | NULL    |                |
| updatedAt | datetime     | NO   |     | NULL    |                |
+-----------+--------------+------+-----+---------+----------------+
4 rows in set (0.00 sec)

mysql> describe user_answers;
+------------+----------+------+-----+---------+----------------+
| Field      | Type     | Null | Key | Default | Extra          |
+------------+----------+------+-----+---------+----------------+
| id         | int      | NO   | PRI | NULL    | auto_increment |
| createdAt  | datetime | NO   |     | NULL    |                |
| updatedAt  | datetime | NO   |     | NULL    |                |
| userId     | int      | YES  | MUL | NULL    |                |
| questionId | int      | YES  | MUL | NULL    |                |
| choiceId   | int      | YES  | MUL | NULL    |                |
+------------+----------+------+-----+---------+----------------+
6 rows in set (0.00 sec)

mysql> select * from user_answers;
+----+---------------------+---------------------+--------+------------+----------+
| id | createdAt           | updatedAt           | userId | questionId | choiceId |
+----+---------------------+---------------------+--------+------------+----------+
|  1 | 2023-11-23 03:26:26 | 2023-11-23 03:26:26 |      1 |          1 |        1 |
|  2 | 2023-11-23 03:26:26 | 2023-11-23 03:26:26 |      1 |          2 |        2 |
|  3 | 2023-11-23 03:26:26 | 2023-11-23 03:26:26 |      1 |          3 |        3 |
|  4 | 2023-11-23 03:26:26 | 2023-11-23 03:26:26 |      1 |          4 |        4 |
+----+---------------------+---------------------+--------+------------+----------+
4 rows in set (0.01 sec)

mysql> select * from quizzes;
+----+-----------+---------------------+---------------------+
| id | title     | createdAt           | updatedAt           |
+----+-----------+---------------------+---------------------+
|  1 | Test Quiz | 2023-11-23 03:26:26 | 2023-11-23 03:26:26 |
+----+-----------+---------------------+---------------------+
1 row in set (0.00 sec)

mysql> select * from quizzes;
+----+-----------+---------------------+---------------------+
| id | title     | createdAt           | updatedAt           |
+----+-----------+---------------------+---------------------+
|  1 | Test Quiz | 2023-11-23 04:18:07 | 2023-11-23 04:18:07 |
+----+-----------+---------------------+---------------------+
1 row in set (0.00 sec)

mysql> select * from user_answers;
+----+---------------------+---------------------+--------+------------+----------+--------+
| id | createdAt           | updatedAt           | userId | questionId | choiceId | quizId |
+----+---------------------+---------------------+--------+------------+----------+--------+
|  1 | 2023-11-23 04:18:07 | 2023-11-23 04:18:07 |      1 |          1 |        1 |   NULL |
|  2 | 2023-11-23 04:18:07 | 2023-11-23 04:18:07 |      1 |          2 |        2 |   NULL |
|  3 | 2023-11-23 04:18:07 | 2023-11-23 04:18:07 |      1 |          3 |        3 |   NULL |
|  4 | 2023-11-23 04:18:07 | 2023-11-23 04:18:07 |      1 |          4 |        4 |   NULL |
+----+---------------------+---------------------+--------+------------+----------+--------+
4 rows in set (0.00 sec)

mysql> select * from user_answers;
+----+---------------------+---------------------+--------+------------+----------+--------+
| id | createdAt           | updatedAt           | userId | questionId | choiceId | quizId |
+----+---------------------+---------------------+--------+------------+----------+--------+
|  1 | 2023-11-23 04:18:58 | 2023-11-23 04:18:58 |      1 |          1 |        1 |      1 |
|  2 | 2023-11-23 04:18:58 | 2023-11-23 04:18:58 |      1 |          2 |        2 |      1 |
|  3 | 2023-11-23 04:18:58 | 2023-11-23 04:18:58 |      1 |          3 |        3 |      1 |
|  4 | 2023-11-23 04:18:58 | 2023-11-23 04:18:58 |      1 |          4 |        4 |      1 |
+----+---------------------+---------------------+--------+------------+----------+--------+
4 rows in set (0.01 sec)

mysql> select * from user_answers;
+----+---------------------+---------------------+--------+------------+----------+--------+
| id | createdAt           | updatedAt           | userId | questionId | choiceId | quizId |
+----+---------------------+---------------------+--------+------------+----------+--------+
|  1 | 2023-11-23 04:20:22 | 2023-11-23 04:20:22 |      1 |          1 |        1 |      1 |
|  2 | 2023-11-23 04:20:22 | 2023-11-23 04:20:22 |      1 |          2 |        2 |      1 |
|  3 | 2023-11-23 04:20:22 | 2023-11-23 04:20:22 |      1 |          3 |        3 |      1 |
|  4 | 2023-11-23 04:20:22 | 2023-11-23 04:20:22 |      1 |          4 |        4 |      1 |
+----+---------------------+---------------------+--------+------------+----------+--------+
4 rows in set (0.01 sec)

mysql> select * from user_answers;
+----+---------------------+---------------------+--------+------------+----------+--------+
| id | createdAt           | updatedAt           | userId | questionId | choiceId | quizId |
+----+---------------------+---------------------+--------+------------+----------+--------+
|  1 | 2023-11-23 04:20:22 | 2023-11-23 04:20:22 |      1 |          1 |        1 |      1 |
|  2 | 2023-11-23 04:20:22 | 2023-11-23 04:20:22 |      1 |          2 |        2 |      1 |
|  3 | 2023-11-23 04:20:22 | 2023-11-23 04:20:22 |      1 |          3 |        3 |      1 |
|  4 | 2023-11-23 04:20:22 | 2023-11-23 04:20:22 |      1 |          4 |        4 |      1 |
+----+---------------------+---------------------+--------+------------+----------+--------+
4 rows in set (0.00 sec)

mysql> select * from questions;
+----+-----------------+---------------------+---------------------+--------+
| id | question        | createdAt           | updatedAt           | quizId |
+----+-----------------+---------------------+---------------------+--------+
|  1 | Test Question 1 | 2023-11-23 04:20:21 | 2023-11-23 04:20:21 |      1 |
|  2 | Test Question 2 | 2023-11-23 04:20:22 | 2023-11-23 04:20:22 |      1 |
|  3 | Test Question 3 | 2023-11-23 04:20:22 | 2023-11-23 04:20:22 |      1 |
|  4 | Test Question 4 | 2023-11-23 04:20:22 | 2023-11-23 04:20:22 |      1 |
+----+-----------------+---------------------+---------------------+--------+
4 rows in set (0.01 sec)

mysql> select * from quizzes;
+----+-----------+---------------------+---------------------+
| id | title     | createdAt           | updatedAt           |
+----+-----------+---------------------+---------------------+
|  1 | Test Quiz | 2023-11-23 04:20:21 | 2023-11-23 04:20:21 |
+----+-----------+---------------------+---------------------+
1 row in set (0.00 sec)

mysql> select * from quizzes;
Empty set (0.00 sec)

mysql> select * from questions;
Empty set (0.00 sec)

mysql> select * from choices;
+----+----------+------------+---------------------+---------------------+------------+
| id | choice   | is_correct | createdAt           | updatedAt           | questionId |
+----+----------+------------+---------------------+---------------------+------------+
|  1 | Choice 1 |          1 | 2023-11-23 04:20:22 | 2023-11-23 04:20:22 |       NULL |
|  2 | Choice 2 |          0 | 2023-11-23 04:20:22 | 2023-11-23 04:20:22 |       NULL |
|  3 | Choice 3 |          0 | 2023-11-23 04:20:22 | 2023-11-23 04:20:22 |       NULL |
|  4 | Choice 4 |          0 | 2023-11-23 04:20:22 | 2023-11-23 04:20:22 |       NULL |
|  5 | Choice 1 |          0 | 2023-11-23 04:20:22 | 2023-11-23 04:20:22 |       NULL |
|  6 | Choice 2 |          0 | 2023-11-23 04:20:22 | 2023-11-23 04:20:22 |       NULL |
|  7 | Choice 3 |          1 | 2023-11-23 04:20:22 | 2023-11-23 04:20:22 |       NULL |
|  8 | Choice 4 |          0 | 2023-11-23 04:20:22 | 2023-11-23 04:20:22 |       NULL |
|  9 | Choice 1 |          0 | 2023-11-23 04:20:22 | 2023-11-23 04:20:22 |       NULL |
| 10 | Choice 2 |          0 | 2023-11-23 04:20:22 | 2023-11-23 04:20:22 |       NULL |
| 11 | Choice 3 |          1 | 2023-11-23 04:20:22 | 2023-11-23 04:20:22 |       NULL |
| 12 | Choice 4 |          0 | 2023-11-23 04:20:22 | 2023-11-23 04:20:22 |       NULL |
| 13 | Choice 1 |          0 | 2023-11-23 04:20:22 | 2023-11-23 04:20:22 |       NULL |
| 14 | Choice 2 |          0 | 2023-11-23 04:20:22 | 2023-11-23 04:20:22 |       NULL |
| 15 | Choice 3 |          0 | 2023-11-23 04:20:22 | 2023-11-23 04:20:22 |       NULL |
| 16 | Choice 4 |          1 | 2023-11-23 04:20:22 | 2023-11-23 04:20:22 |       NULL |
+----+----------+------------+---------------------+---------------------+------------+
16 rows in set (0.00 sec)

mysql> select * from choices;
Empty set (0.01 sec)

mysql> select * from questions;
Empty set (0.01 sec)

mysql> select * from quizzes;
Empty set (0.01 sec)

mysql> select * from user_answers;
+----+---------------------+---------------------+--------+------------+----------+--------+
| id | createdAt           | updatedAt           | userId | questionId | choiceId | quizId |
+----+---------------------+---------------------+--------+------------+----------+--------+
|  1 | 2023-11-23 04:22:13 | 2023-11-23 04:22:13 |      1 |       NULL |     NULL |   NULL |
|  2 | 2023-11-23 04:22:13 | 2023-11-23 04:22:13 |      1 |       NULL |     NULL |   NULL |
|  3 | 2023-11-23 04:22:13 | 2023-11-23 04:22:13 |      1 |       NULL |     NULL |   NULL |
|  4 | 2023-11-23 04:22:13 | 2023-11-23 04:22:13 |      1 |       NULL |     NULL |   NULL |
+----+---------------------+---------------------+--------+------------+----------+--------+
4 rows in set (0.01 sec)

mysql> select * from choices;
Empty set (0.00 sec)

mysql> select * from questions;
Empty set (0.01 sec)

mysql> select * from quizzes;
Empty set (0.01 sec)

mysql> select * from user_answers;
+----+---------------------+---------------------+--------+------------+----------+--------+
| id | createdAt           | updatedAt           | userId | questionId | choiceId | quizId |
+----+---------------------+---------------------+--------+------------+----------+--------+
|  1 | 2023-11-23 04:27:21 | 2023-11-23 04:27:21 |      1 |       NULL |     NULL |   NULL |
|  2 | 2023-11-23 04:27:21 | 2023-11-23 04:27:21 |      1 |       NULL |     NULL |   NULL |
|  3 | 2023-11-23 04:27:21 | 2023-11-23 04:27:21 |      1 |       NULL |     NULL |   NULL |
|  4 | 2023-11-23 04:27:21 | 2023-11-23 04:27:21 |      1 |       NULL |     NULL |   NULL |
+----+---------------------+---------------------+--------+------------+----------+--------+
4 rows in set (0.00 sec)

mysql> select* from users;
+----+----------+------------------+--------------------------------------------------------------+-------+---------------------+---------------------+
| id | username | email            | password                                                     | role  | createdAt           | updatedAt           |
+----+----------+------------------+--------------------------------------------------------------+-------+---------------------+---------------------+
|  1 | nanu     | wtf@gmail.com    | $2b$10$75AGVwcq2eJJrm1oqO49KOy/atlC4E3u8Tj2yqGTI6qJkeBrtxj/S | admin | 2023-11-23 04:27:20 | 2023-11-23 04:27:20 |
|  2 | punith   | punith@gmail.com | $2b$10$dWYTK0Rj41xmADkcybI0/ONCZWhVMPuUKf2HjcSkUmat.JUF.gHp6 | user  | 2023-11-23 04:27:20 | 2023-11-23 04:27:20 |
|  3 | lokesh   | lokesh@gmail.com | $2b$10$jYT5ct6JD30b5HtRNWNtAeyChXnedUGinFoJxuzIZLctBVLx9S6XC | user  | 2023-11-23 04:27:20 | 2023-11-23 04:27:20 |
+----+----------+------------------+--------------------------------------------------------------+-------+---------------------+---------------------+
3 rows in set (0.00 sec)

mysql> select * from user_answers;
+----+---------------------+---------------------+--------+------------+----------+--------+
| id | createdAt           | updatedAt           | userId | questionId | choiceId | quizId |
+----+---------------------+---------------------+--------+------------+----------+--------+
|  1 | 2023-11-23 04:28:29 | 2023-11-23 04:28:29 |      1 |       NULL |     NULL |   NULL |
|  2 | 2023-11-23 04:28:29 | 2023-11-23 04:28:29 |      1 |       NULL |     NULL |   NULL |
|  3 | 2023-11-23 04:28:29 | 2023-11-23 04:28:29 |      1 |       NULL |     NULL |   NULL |
|  4 | 2023-11-23 04:28:29 | 2023-11-23 04:28:29 |      1 |       NULL |     NULL |   NULL |
+----+---------------------+---------------------+--------+------------+----------+--------+
4 rows in set (0.00 sec)

mysql> select * from user_answers;
+----+---------------------+---------------------+--------+------------+----------+--------+
| id | createdAt           | updatedAt           | userId | questionId | choiceId | quizId |
+----+---------------------+---------------------+--------+------------+----------+--------+
|  1 | 2023-11-23 04:28:29 | 2023-11-23 04:28:29 |      1 |       NULL |     NULL |   NULL |
|  2 | 2023-11-23 04:28:29 | 2023-11-23 04:28:29 |      1 |       NULL |     NULL |   NULL |
|  3 | 2023-11-23 04:28:29 | 2023-11-23 04:28:29 |      1 |       NULL |     NULL |   NULL |
|  4 | 2023-11-23 04:28:29 | 2023-11-23 04:28:29 |      1 |       NULL |     NULL |   NULL |
+----+---------------------+---------------------+--------+------------+----------+--------+
4 rows in set (0.00 sec)

mysql> select * from users_answers;
ERROR 1146 (42S02): Table 'test.users_answers' doesn't exist
mysql> select * from user_answers;
+----+---------------------+---------------------+--------+------------+----------+--------+
| id | createdAt           | updatedAt           | userId | questionId | choiceId | quizId |
+----+---------------------+---------------------+--------+------------+----------+--------+
|  1 | 2023-11-23 04:31:00 | 2023-11-23 04:31:00 |      1 |          1 |        1 |      1 |
|  2 | 2023-11-23 04:31:00 | 2023-11-23 04:31:00 |      1 |          2 |        2 |      1 |
|  3 | 2023-11-23 04:31:00 | 2023-11-23 04:31:00 |      1 |          3 |        3 |      1 |
|  4 | 2023-11-23 04:31:00 | 2023-11-23 04:31:00 |      1 |          4 |        4 |      1 |
+----+---------------------+---------------------+--------+------------+----------+--------+
4 rows in set (0.00 sec)

mysql> select * from user_answers;
+----+---------------------+---------------------+--------+------------+----------+--------+
| id | createdAt           | updatedAt           | userId | questionId | choiceId | quizId |
+----+---------------------+---------------------+--------+------------+----------+--------+
|  1 | 2023-11-23 04:31:00 | 2023-11-23 04:31:00 |      1 |       NULL |     NULL |   NULL |
|  2 | 2023-11-23 04:31:00 | 2023-11-23 04:31:00 |      1 |       NULL |     NULL |   NULL |
|  3 | 2023-11-23 04:31:00 | 2023-11-23 04:31:00 |      1 |       NULL |     NULL |   NULL |
|  4 | 2023-11-23 04:31:00 | 2023-11-23 04:31:00 |      1 |       NULL |     NULL |   NULL |
+----+---------------------+---------------------+--------+------------+----------+--------+
4 rows in set (0.00 sec)

mysql> select * from user_answers;
+----+---------------------+---------------------+--------+------------+----------+--------+
| id | createdAt           | updatedAt           | userId | questionId | choiceId | quizId |
+----+---------------------+---------------------+--------+------------+----------+--------+
|  1 | 2023-11-23 04:33:20 | 2023-11-23 04:33:20 |      1 |          1 |        1 |      1 |
|  2 | 2023-11-23 04:33:20 | 2023-11-23 04:33:20 |      1 |          2 |        2 |      1 |
|  3 | 2023-11-23 04:33:20 | 2023-11-23 04:33:20 |      1 |          3 |        3 |      1 |
|  4 | 2023-11-23 04:33:20 | 2023-11-23 04:33:20 |      1 |          4 |        4 |      1 |
+----+---------------------+---------------------+--------+------------+----------+--------+
4 rows in set (0.01 sec)

mysql> describe user_answers;
+------------+----------+------+-----+---------+----------------+
| Field      | Type     | Null | Key | Default | Extra          |
+------------+----------+------+-----+---------+----------------+
| id         | int      | NO   | PRI | NULL    | auto_increment |
| createdAt  | datetime | NO   |     | NULL    |                |
| updatedAt  | datetime | NO   |     | NULL    |                |
| userId     | int      | YES  | MUL | NULL    |                |
| questionId | int      | YES  | MUL | NULL    |                |
| choiceId   | int      | YES  | MUL | NULL    |                |
| quizId     | int      | YES  | MUL | NULL    |                |
+------------+----------+------+-----+---------+----------------+
7 rows in set (0.01 sec)

mysql> describe user_answers;
+------------+----------+------+-----+---------+----------------+
| Field      | Type     | Null | Key | Default | Extra          |
+------------+----------+------+-----+---------+----------------+
| id         | int      | NO   | PRI | NULL    | auto_increment |
| createdAt  | datetime | NO   |     | NULL    |                |
| updatedAt  | datetime | NO   |     | NULL    |                |
| userId     | int      | YES  | MUL | NULL    |                |
| questionId | int      | YES  | MUL | NULL    |                |
| choiceId   | int      | YES  | MUL | NULL    |                |
| quizId     | int      | YES  | MUL | NULL    |                |
+------------+----------+------+-----+---------+----------------+
7 rows in set (0.00 sec)

mysql> select * from user_answers;
+----+---------------------+---------------------+--------+------------+----------+--------+
| id | createdAt           | updatedAt           | userId | questionId | choiceId | quizId |
+----+---------------------+---------------------+--------+------------+----------+--------+
|  1 | 2023-11-23 04:47:25 | 2023-11-23 04:47:25 |      1 |          1 |        1 |      1 |
|  2 | 2023-11-23 04:47:25 | 2023-11-23 04:47:25 |      1 |          2 |        2 |      1 |
|  3 | 2023-11-23 04:47:25 | 2023-11-23 04:47:25 |      1 |          3 |        3 |      1 |
|  4 | 2023-11-23 04:47:25 | 2023-11-23 04:47:25 |      1 |          4 |        4 |      1 |
+----+---------------------+---------------------+--------+------------+----------+--------+
4 rows in set (0.00 sec)

mysql> select * from user_answers;
+----+---------------------+---------------------+--------+------------+----------+--------+
| id | createdAt           | updatedAt           | userId | questionId | choiceId | quizId |
+----+---------------------+---------------------+--------+------------+----------+--------+
|  1 | 2023-11-23 04:47:25 | 2023-11-23 04:47:25 |      1 |          1 |        1 |      1 |
|  2 | 2023-11-23 04:47:25 | 2023-11-23 04:47:25 |      1 |          2 |        2 |      1 |
|  3 | 2023-11-23 04:47:25 | 2023-11-23 04:47:25 |      1 |          3 |        3 |      1 |
|  4 | 2023-11-23 04:47:25 | 2023-11-23 04:47:25 |      1 |          4 |        4 |      1 |
+----+---------------------+---------------------+--------+------------+----------+--------+
4 rows in set (0.00 sec)

mysql> describe user_answers;
+------------+----------+------+-----+---------+----------------+
| Field      | Type     | Null | Key | Default | Extra          |
+------------+----------+------+-----+---------+----------------+
| id         | int      | NO   | PRI | NULL    | auto_increment |
| createdAt  | datetime | NO   |     | NULL    |                |
| updatedAt  | datetime | NO   |     | NULL    |                |
| userId     | int      | YES  | MUL | NULL    |                |
| questionId | int      | YES  | MUL | NULL    |                |
| choiceId   | int      | YES  | MUL | NULL    |                |
| quizId     | int      | YES  | MUL | NULL    |                |
+------------+----------+------+-----+---------+----------------+
7 rows in set (0.00 sec)

mysql> select * from user_answers;
+----+---------------------+---------------------+--------+------------+----------+--------+
| id | createdAt           | updatedAt           | userId | questionId | choiceId | quizId |
+----+---------------------+---------------------+--------+------------+----------+--------+
|  1 | 2023-11-23 04:50:54 | 2023-11-23 04:50:54 |      1 |       NULL |     NULL |   NULL |
|  2 | 2023-11-23 04:50:54 | 2023-11-23 04:50:54 |      1 |       NULL |     NULL |   NULL |
|  3 | 2023-11-23 04:50:54 | 2023-11-23 04:50:54 |      1 |       NULL |     NULL |   NULL |
|  4 | 2023-11-23 04:50:54 | 2023-11-23 04:50:54 |      1 |       NULL |     NULL |   NULL |
+----+---------------------+---------------------+--------+------------+----------+--------+
4 rows in set (0.00 sec)

mysql> select * from user_answers;
+----+---------------------+---------------------+--------+------------+----------+--------+
| id | createdAt           | updatedAt           | userId | questionId | choiceId | quizId |
+----+---------------------+---------------------+--------+------------+----------+--------+
|  1 | 2023-11-23 04:54:51 | 2023-11-23 04:54:51 |      1 |          1 |        1 |      1 |
|  2 | 2023-11-23 04:54:51 | 2023-11-23 04:54:51 |      1 |          2 |        2 |      1 |
|  3 | 2023-11-23 04:54:51 | 2023-11-23 04:54:51 |      1 |          3 |        3 |      1 |
|  4 | 2023-11-23 04:54:51 | 2023-11-23 04:54:51 |      1 |          4 |        4 |      1 |
+----+---------------------+---------------------+--------+------------+----------+--------+
4 rows in set (0.01 sec)

mysql> select * from user_answers;
Empty set (0.00 sec)

mysql> select * from user_answers;
+----+---------------------+---------------------+--------+------------+----------+--------+
| id | createdAt           | updatedAt           | userId | questionId | choiceId | quizId |
+----+---------------------+---------------------+--------+------------+----------+--------+
|  1 | 2023-11-23 05:01:05 | 2023-11-23 05:01:05 |      1 |       NULL |     NULL |   NULL |
|  2 | 2023-11-23 05:01:05 | 2023-11-23 05:01:05 |      1 |       NULL |     NULL |   NULL |
|  3 | 2023-11-23 05:01:05 | 2023-11-23 05:01:05 |      1 |       NULL |     NULL |   NULL |
|  4 | 2023-11-23 05:01:05 | 2023-11-23 05:01:05 |      1 |       NULL |     NULL |   NULL |
+----+---------------------+---------------------+--------+------------+----------+--------+
4 rows in set (0.00 sec)

mysql> select * from user_answers;
Empty set (0.00 sec)

mysql> drop database test;
Query OK, 5 rows affected (0.08 sec)

mysql> create database test;
Query OK, 1 row affected (0.02 sec)

mysql> select * from user_answers;
ERROR 1046 (3D000): No database selected
mysql> use test;
Reading table information for completion of table and column names
You can turn off this feature to get a quicker startup with -A

Database changed
mysql> select * from user_answers;
+----+---------------------+---------------------+
| id | createdAt           | updatedAt           |
+----+---------------------+---------------------+
|  1 | 2023-11-23 05:08:03 | 2023-11-23 05:08:03 |
|  2 | 2023-11-23 05:08:03 | 2023-11-23 05:08:03 |
|  3 | 2023-11-23 05:08:03 | 2023-11-23 05:08:03 |
|  4 | 2023-11-23 05:08:03 | 2023-11-23 05:08:03 |
+----+---------------------+---------------------+
4 rows in set (0.00 sec)

mysql> select * from users;
+----+----------+------------------+--------------------------------------------------------------+-------+---------------------+---------------------+--------------+
| id | username | email            | password                                                     | role  | createdAt           | updatedAt           | userAnswerId |
+----+----------+------------------+--------------------------------------------------------------+-------+---------------------+---------------------+--------------+
|  1 | nanu     | wtf@gmail.com    | $2b$10$FiyAbqJbuXNL3/KvmVhPFuWd5TmwQY1mNw6V6p49GSkyOnj.A3Fri | admin | 2023-11-23 05:08:03 | 2023-11-23 05:08:03 |         NULL |
|  2 | punith   | punith@gmail.com | $2b$10$97tAp.Nc.Cv0rhlnHb22bunErbY/kkhzfB2wbaMujR3c8O2Ws//KG | user  | 2023-11-23 05:08:03 | 2023-11-23 05:08:03 |         NULL |
|  3 | lokesh   | lokesh@gmail.com | $2b$10$kDW3USFQfp03F7ScX7NMbOdEq.IRZtWxABuyVWiNT73cuWqfe3aou | user  | 2023-11-23 05:08:03 | 2023-11-23 05:08:03 |         NULL |
+----+----------+------------------+--------------------------------------------------------------+-------+---------------------+---------------------+--------------+
3 rows in set (0.00 sec)

mysql> drop database test;
Query OK, 5 rows affected (0.07 sec)

mysql> create database test;
Query OK, 1 row affected (0.03 sec)

mysql> 
mysql> select * from user_answers;
ERROR 1046 (3D000): No database selected
mysql> use test;
Reading table information for completion of table and column names
You can turn off this feature to get a quicker startup with -A

Database changed
mysql> select * from user_answers;
+----+---------------------+---------------------+--------+------------+----------+--------+
| id | createdAt           | updatedAt           | userId | questionId | choiceId | quizId |
+----+---------------------+---------------------+--------+------------+----------+--------+
|  1 | 2023-11-23 05:09:27 | 2023-11-23 05:09:27 |      1 |          1 |        1 |      1 |
|  2 | 2023-11-23 05:09:27 | 2023-11-23 05:09:27 |      1 |          2 |        2 |      1 |
|  3 | 2023-11-23 05:09:27 | 2023-11-23 05:09:27 |      1 |          3 |        3 |      1 |
|  4 | 2023-11-23 05:09:27 | 2023-11-23 05:09:27 |      1 |          4 |        4 |      1 |
+----+---------------------+---------------------+--------+------------+----------+--------+
4 rows in set (0.00 sec)

mysql> select * from quizzes;
+----+-----------+---------------------+---------------------+
| id | title     | createdAt           | updatedAt           |
+----+-----------+---------------------+---------------------+
|  1 | Test Quiz | 2023-11-23 05:11:21 | 2023-11-23 05:11:21 |
+----+-----------+---------------------+---------------------+
1 row in set (0.00 sec)

mysql> select * from questionx;
ERROR 1146 (42S02): Table 'test.questionx' doesn't exist
mysql> select * from questions;
+----+-----------------+---------------------+---------------------+--------+
| id | question        | createdAt           | updatedAt           | quizId |
+----+-----------------+---------------------+---------------------+--------+
|  1 | Test Question 1 | 2023-11-23 05:11:21 | 2023-11-23 05:11:21 |      1 |
|  2 | Test Question 2 | 2023-11-23 05:11:21 | 2023-11-23 05:11:21 |      1 |
|  3 | Test Question 3 | 2023-11-23 05:11:21 | 2023-11-23 05:11:21 |      1 |
|  4 | Test Question 4 | 2023-11-23 05:11:21 | 2023-11-23 05:11:21 |      1 |
+----+-----------------+---------------------+---------------------+--------+
4 rows in set (0.00 sec)

mysql> select * from choices;
+----+----------+------------+---------------------+---------------------+------------+
| id | choice   | is_correct | createdAt           | updatedAt           | questionId |
+----+----------+------------+---------------------+---------------------+------------+
|  1 | Choice 1 |          1 | 2023-11-23 05:11:21 | 2023-11-23 05:11:21 |          1 |
|  2 | Choice 2 |          0 | 2023-11-23 05:11:21 | 2023-11-23 05:11:21 |          1 |
|  3 | Choice 3 |          0 | 2023-11-23 05:11:21 | 2023-11-23 05:11:21 |          1 |
|  4 | Choice 4 |          0 | 2023-11-23 05:11:21 | 2023-11-23 05:11:21 |          1 |
|  5 | Choice 1 |          0 | 2023-11-23 05:11:21 | 2023-11-23 05:11:21 |          2 |
|  6 | Choice 2 |          0 | 2023-11-23 05:11:21 | 2023-11-23 05:11:21 |          2 |
|  7 | Choice 3 |          1 | 2023-11-23 05:11:21 | 2023-11-23 05:11:21 |          2 |
|  8 | Choice 4 |          0 | 2023-11-23 05:11:21 | 2023-11-23 05:11:21 |          2 |
|  9 | Choice 1 |          0 | 2023-11-23 05:11:21 | 2023-11-23 05:11:21 |          3 |
| 10 | Choice 2 |          0 | 2023-11-23 05:11:21 | 2023-11-23 05:11:21 |          3 |
| 11 | Choice 3 |          1 | 2023-11-23 05:11:21 | 2023-11-23 05:11:21 |          3 |
| 12 | Choice 4 |          0 | 2023-11-23 05:11:21 | 2023-11-23 05:11:21 |          3 |
| 13 | Choice 1 |          0 | 2023-11-23 05:11:21 | 2023-11-23 05:11:21 |          4 |
| 14 | Choice 2 |          0 | 2023-11-23 05:11:21 | 2023-11-23 05:11:21 |          4 |
| 15 | Choice 3 |          0 | 2023-11-23 05:11:21 | 2023-11-23 05:11:21 |          4 |
| 16 | Choice 4 |          1 | 2023-11-23 05:11:21 | 2023-11-23 05:11:21 |          4 |
+----+----------+------------+---------------------+---------------------+------------+
16 rows in set (0.00 sec)

mysql> select * from quizzes;
Empty set (0.00 sec)

mysql> select * from questions;
+----+-----------------+---------------------+---------------------+--------+
| id | question        | createdAt           | updatedAt           | quizId |
+----+-----------------+---------------------+---------------------+--------+
|  2 | Test Question 2 | 2023-11-23 05:13:13 | 2023-11-23 05:13:13 |   NULL |
|  3 | Test Question 3 | 2023-11-23 05:13:13 | 2023-11-23 05:13:13 |   NULL |
|  4 | Test Question 4 | 2023-11-23 05:13:13 | 2023-11-23 05:13:13 |   NULL |
+----+-----------------+---------------------+---------------------+--------+
3 rows in set (0.00 sec)

mysql> select * from questions;
+----+-----------------+---------------------+---------------------+--------+
| id | question        | createdAt           | updatedAt           | quizId |
+----+-----------------+---------------------+---------------------+--------+
|  1 | Test Question 1 | 2023-11-23 05:14:01 | 2023-11-23 05:14:01 |   NULL |
|  2 | Test Question 2 | 2023-11-23 05:14:01 | 2023-11-23 05:14:01 |   NULL |
|  3 | Test Question 3 | 2023-11-23 05:14:01 | 2023-11-23 05:14:01 |   NULL |
|  4 | Test Question 4 | 2023-11-23 05:14:01 | 2023-11-23 05:14:01 |   NULL |
+----+-----------------+---------------------+---------------------+--------+
4 rows in set (0.00 sec)

mysql> select * from questions;
+----+-----------------+---------------------+---------------------+--------+
| id | question        | createdAt           | updatedAt           | quizId |
+----+-----------------+---------------------+---------------------+--------+
|  1 | Test Question 1 | 2023-11-23 05:15:27 | 2023-11-23 05:15:27 |   NULL |
|  2 | Test Question 2 | 2023-11-23 05:15:27 | 2023-11-23 05:15:27 |   NULL |
|  3 | Test Question 3 | 2023-11-23 05:15:27 | 2023-11-23 05:15:27 |   NULL |
|  4 | Test Question 4 | 2023-11-23 05:15:27 | 2023-11-23 05:15:27 |   NULL |
+----+-----------------+---------------------+---------------------+--------+
4 rows in set (0.00 sec)

mysql> select * from quizzes;
Empty set (0.00 sec)

mysql> select * from questions;sele^C
mysql> ^C
mysql> ^C
mysql> ^C
mysql> select from quizzes;
ERROR 1064 (42000): You have an error in your SQL syntax; check the manual that corresponds to your MySQL server version for the right syntax to use near 'from quizzes' at line 1
mysql> select * from quizzes;
+----+-----------+---------------------+---------------------+
| id | title     | createdAt           | updatedAt           |
+----+-----------+---------------------+---------------------+
|  1 | Test Quiz | 2023-11-23 05:15:59 | 2023-11-23 05:15:59 |
+----+-----------+---------------------+---------------------+
1 row in set (0.00 sec)

mysql> select * from user_answers;
+----+---------------------+---------------------+--------+------------+----------+
| id | createdAt           | updatedAt           | userId | questionId | choiceId |
+----+---------------------+---------------------+--------+------------+----------+
|  1 | 2023-11-23 05:15:59 | 2023-11-23 05:15:59 |      1 |          1 |        1 |
|  2 | 2023-11-23 05:15:59 | 2023-11-23 05:15:59 |      1 |          2 |        2 |
|  3 | 2023-11-23 05:15:59 | 2023-11-23 05:15:59 |      1 |          3 |        3 |
|  4 | 2023-11-23 05:15:59 | 2023-11-23 05:15:59 |      1 |          4 |        4 |
+----+---------------------+---------------------+--------+------------+----------+
4 rows in set (0.00 sec)

mysql> select * from questions;
+----+-----------------+---------------------+---------------------+--------+
| id | question        | createdAt           | updatedAt           | quizId |
+----+-----------------+---------------------+---------------------+--------+
|  1 | Test Question 1 | 2023-11-23 05:15:59 | 2023-11-23 05:15:59 |      1 |
|  2 | Test Question 2 | 2023-11-23 05:15:59 | 2023-11-23 05:15:59 |      1 |
|  3 | Test Question 3 | 2023-11-23 05:15:59 | 2023-11-23 05:15:59 |      1 |
|  4 | Test Question 4 | 2023-11-23 05:15:59 | 2023-11-23 05:15:59 |      1 |
+----+-----------------+---------------------+---------------------+--------+
4 rows in set (0.00 sec)

mysql> select * from choices;
+----+----------+------------+---------------------+---------------------+------------+
| id | choice   | is_correct | createdAt           | updatedAt           | questionId |
+----+----------+------------+---------------------+---------------------+------------+
|  1 | Choice 1 |          1 | 2023-11-23 05:15:59 | 2023-11-23 05:15:59 |          1 |
|  2 | Choice 2 |          0 | 2023-11-23 05:15:59 | 2023-11-23 05:15:59 |          1 |
|  3 | Choice 3 |          0 | 2023-11-23 05:15:59 | 2023-11-23 05:15:59 |          1 |
|  4 | Choice 4 |          0 | 2023-11-23 05:15:59 | 2023-11-23 05:15:59 |          1 |
|  5 | Choice 1 |          0 | 2023-11-23 05:15:59 | 2023-11-23 05:15:59 |          2 |
|  6 | Choice 2 |          0 | 2023-11-23 05:15:59 | 2023-11-23 05:15:59 |          2 |
|  7 | Choice 3 |          1 | 2023-11-23 05:15:59 | 2023-11-23 05:15:59 |          2 |
|  8 | Choice 4 |          0 | 2023-11-23 05:15:59 | 2023-11-23 05:15:59 |          2 |
|  9 | Choice 1 |          0 | 2023-11-23 05:15:59 | 2023-11-23 05:15:59 |          3 |
| 10 | Choice 2 |          0 | 2023-11-23 05:15:59 | 2023-11-23 05:15:59 |          3 |
| 11 | Choice 3 |          1 | 2023-11-23 05:15:59 | 2023-11-23 05:15:59 |          3 |
| 12 | Choice 4 |          0 | 2023-11-23 05:15:59 | 2023-11-23 05:15:59 |          3 |
| 13 | Choice 1 |          0 | 2023-11-23 05:15:59 | 2023-11-23 05:15:59 |          4 |
| 14 | Choice 2 |          0 | 2023-11-23 05:15:59 | 2023-11-23 05:15:59 |          4 |
| 15 | Choice 3 |          0 | 2023-11-23 05:15:59 | 2023-11-23 05:15:59 |          4 |
| 16 | Choice 4 |          1 | 2023-11-23 05:15:59 | 2023-11-23 05:15:59 |          4 |
+----+----------+------------+---------------------+---------------------+------------+
16 rows in set (0.01 sec)

mysql> select * from choices;
+----+----------+------------+---------------------+---------------------+------------+
| id | choice   | is_correct | createdAt           | updatedAt           | questionId |
+----+----------+------------+---------------------+---------------------+------------+
|  1 | Choice 1 |          1 | 2023-11-23 05:17:07 | 2023-11-23 05:17:07 |          1 |
|  2 | Choice 2 |          0 | 2023-11-23 05:17:07 | 2023-11-23 05:17:07 |          1 |
|  3 | Choice 3 |          0 | 2023-11-23 05:17:07 | 2023-11-23 05:17:07 |          1 |
|  4 | Choice 4 |          0 | 2023-11-23 05:17:07 | 2023-11-23 05:17:07 |          1 |
|  5 | Choice 1 |          0 | 2023-11-23 05:17:07 | 2023-11-23 05:17:07 |          2 |
|  6 | Choice 2 |          0 | 2023-11-23 05:17:07 | 2023-11-23 05:17:07 |          2 |
|  7 | Choice 3 |          1 | 2023-11-23 05:17:07 | 2023-11-23 05:17:07 |          2 |
|  8 | Choice 4 |          0 | 2023-11-23 05:17:07 | 2023-11-23 05:17:07 |          2 |
|  9 | Choice 1 |          0 | 2023-11-23 05:17:07 | 2023-11-23 05:17:07 |          3 |
| 10 | Choice 2 |          0 | 2023-11-23 05:17:07 | 2023-11-23 05:17:07 |          3 |
| 11 | Choice 3 |          1 | 2023-11-23 05:17:07 | 2023-11-23 05:17:07 |          3 |
| 12 | Choice 4 |          0 | 2023-11-23 05:17:07 | 2023-11-23 05:17:07 |          3 |
| 13 | Choice 1 |          0 | 2023-11-23 05:17:07 | 2023-11-23 05:17:07 |          4 |
| 14 | Choice 2 |          0 | 2023-11-23 05:17:07 | 2023-11-23 05:17:07 |          4 |
| 15 | Choice 3 |          0 | 2023-11-23 05:17:07 | 2023-11-23 05:17:07 |          4 |
| 16 | Choice 4 |          1 | 2023-11-23 05:17:07 | 2023-11-23 05:17:07 |          4 |
+----+----------+------------+---------------------+---------------------+------------+
16 rows in set (0.00 sec)

mysql> select * from quizzes;
Empty set (0.00 sec)

mysql> select * from choices;
+----+----------+------------+---------------------+---------------------+------------+
| id | choice   | is_correct | createdAt           | updatedAt           | questionId |
+----+----------+------------+---------------------+---------------------+------------+
|  1 | Choice 1 |          1 | 2023-11-23 05:17:07 | 2023-11-23 05:17:07 |       NULL |
|  2 | Choice 2 |          0 | 2023-11-23 05:17:07 | 2023-11-23 05:17:07 |       NULL |
|  3 | Choice 3 |          0 | 2023-11-23 05:17:07 | 2023-11-23 05:17:07 |       NULL |
|  4 | Choice 4 |          0 | 2023-11-23 05:17:07 | 2023-11-23 05:17:07 |       NULL |
|  5 | Choice 1 |          0 | 2023-11-23 05:17:07 | 2023-11-23 05:17:07 |       NULL |
|  6 | Choice 2 |          0 | 2023-11-23 05:17:07 | 2023-11-23 05:17:07 |       NULL |
|  7 | Choice 3 |          1 | 2023-11-23 05:17:07 | 2023-11-23 05:17:07 |       NULL |
|  8 | Choice 4 |          0 | 2023-11-23 05:17:07 | 2023-11-23 05:17:07 |       NULL |
|  9 | Choice 1 |          0 | 2023-11-23 05:17:07 | 2023-11-23 05:17:07 |       NULL |
| 10 | Choice 2 |          0 | 2023-11-23 05:17:07 | 2023-11-23 05:17:07 |       NULL |
| 11 | Choice 3 |          1 | 2023-11-23 05:17:07 | 2023-11-23 05:17:07 |       NULL |
| 12 | Choice 4 |          0 | 2023-11-23 05:17:07 | 2023-11-23 05:17:07 |       NULL |
| 13 | Choice 1 |          0 | 2023-11-23 05:17:07 | 2023-11-23 05:17:07 |       NULL |
| 14 | Choice 2 |          0 | 2023-11-23 05:17:07 | 2023-11-23 05:17:07 |       NULL |
| 15 | Choice 3 |          0 | 2023-11-23 05:17:07 | 2023-11-23 05:17:07 |       NULL |
| 16 | Choice 4 |          1 | 2023-11-23 05:17:07 | 2023-11-23 05:17:07 |       NULL |
+----+----------+------------+---------------------+---------------------+------------+
16 rows in set (0.00 sec)

mysql> select * from choices;
+----+----------+------------+---------------------+---------------------+------------+--------+
| id | choice   | is_correct | createdAt           | updatedAt           | questionId | quizId |
+----+----------+------------+---------------------+---------------------+------------+--------+
|  1 | Choice 1 |          1 | 2023-11-23 05:21:30 | 2023-11-23 05:21:30 |          1 |      1 |
|  2 | Choice 2 |          0 | 2023-11-23 05:21:30 | 2023-11-23 05:21:30 |          1 |      1 |
|  3 | Choice 3 |          0 | 2023-11-23 05:21:30 | 2023-11-23 05:21:30 |          1 |      1 |
|  4 | Choice 4 |          0 | 2023-11-23 05:21:30 | 2023-11-23 05:21:30 |          1 |      1 |
|  5 | Choice 1 |          0 | 2023-11-23 05:21:30 | 2023-11-23 05:21:30 |          2 |      1 |
|  6 | Choice 2 |          0 | 2023-11-23 05:21:30 | 2023-11-23 05:21:30 |          2 |      1 |
|  7 | Choice 3 |          1 | 2023-11-23 05:21:30 | 2023-11-23 05:21:30 |          2 |      1 |
|  8 | Choice 4 |          0 | 2023-11-23 05:21:30 | 2023-11-23 05:21:30 |          2 |      1 |
|  9 | Choice 1 |          0 | 2023-11-23 05:21:30 | 2023-11-23 05:21:30 |          3 |      1 |
| 10 | Choice 2 |          0 | 2023-11-23 05:21:30 | 2023-11-23 05:21:30 |          3 |      1 |
| 11 | Choice 3 |          1 | 2023-11-23 05:21:30 | 2023-11-23 05:21:30 |          3 |      1 |
| 12 | Choice 4 |          0 | 2023-11-23 05:21:30 | 2023-11-23 05:21:30 |          3 |      1 |
| 13 | Choice 1 |          0 | 2023-11-23 05:21:30 | 2023-11-23 05:21:30 |          4 |      1 |
| 14 | Choice 2 |          0 | 2023-11-23 05:21:30 | 2023-11-23 05:21:30 |          4 |      1 |
| 15 | Choice 3 |          0 | 2023-11-23 05:21:30 | 2023-11-23 05:21:30 |          4 |      1 |
| 16 | Choice 4 |          1 | 2023-11-23 05:21:30 | 2023-11-23 05:21:30 |          4 |      1 |
+----+----------+------------+---------------------+---------------------+------------+--------+
16 rows in set (0.00 sec)

mysql> select * from choices;
Empty set (0.00 sec)

mysql> select * from questions;
Empty set (0.01 sec)

mysql> select * from quizzes;
Empty set (0.00 sec)

mysql> select * from user_answers;
+----+---------------------+---------------------+--------+------------+----------+
| id | createdAt           | updatedAt           | userId | questionId | choiceId |
+----+---------------------+---------------------+--------+------------+----------+
|  1 | 2023-11-23 05:21:30 | 2023-11-23 05:21:30 |      1 |       NULL |     NULL |
|  2 | 2023-11-23 05:21:30 | 2023-11-23 05:21:30 |      1 |       NULL |     NULL |
|  3 | 2023-11-23 05:21:30 | 2023-11-23 05:21:30 |      1 |       NULL |     NULL |
|  4 | 2023-11-23 05:21:30 | 2023-11-23 05:21:30 |      1 |       NULL |     NULL |
+----+---------------------+---------------------+--------+------------+----------+
4 rows in set (0.01 sec)

mysql> select * from user_answers;
+----+---------------------+---------------------+
| id | createdAt           | updatedAt           |
+----+---------------------+---------------------+
|  1 | 2023-11-23 05:29:18 | 2023-11-23 05:29:18 |
|  2 | 2023-11-23 05:29:18 | 2023-11-23 05:29:18 |
|  3 | 2023-11-23 05:29:18 | 2023-11-23 05:29:18 |
|  4 | 2023-11-23 05:29:18 | 2023-11-23 05:29:18 |
+----+---------------------+---------------------+
4 rows in set (0.00 sec)

mysql> select * from user_answers;
+----+--------+------------+----------+---------------------+---------------------+
| id | userId | questionId | choiceId | createdAt           | updatedAt           |
+----+--------+------------+----------+---------------------+---------------------+
|  1 |      1 |          1 |        1 | 2023-11-23 05:29:39 | 2023-11-23 05:29:39 |
|  2 |      1 |          2 |        2 | 2023-11-23 05:29:39 | 2023-11-23 05:29:39 |
|  3 |      1 |          3 |        3 | 2023-11-23 05:29:39 | 2023-11-23 05:29:39 |
|  4 |      1 |          4 |        4 | 2023-11-23 05:29:39 | 2023-11-23 05:29:39 |
+----+--------+------------+----------+---------------------+---------------------+
4 rows in set (0.00 sec)

mysql> select * from user_answers;
+----+--------+------------+----------+--------+---------------------+---------------------+
| id | userId | questionId | choiceId | quizId | createdAt           | updatedAt           |
+----+--------+------------+----------+--------+---------------------+---------------------+
|  1 |      1 |          1 |        1 |      1 | 2023-11-23 05:30:06 | 2023-11-23 05:30:06 |
|  2 |      1 |          2 |        2 |      1 | 2023-11-23 05:30:06 | 2023-11-23 05:30:06 |
|  3 |      1 |          3 |        3 |      1 | 2023-11-23 05:30:06 | 2023-11-23 05:30:06 |
|  4 |      1 |          4 |        4 |      1 | 2023-11-23 05:30:06 | 2023-11-23 05:30:06 |
+----+--------+------------+----------+--------+---------------------+---------------------+
4 rows in set (0.00 sec)

mysql> select * from user_answers;
Empty set (0.01 sec)

mysql> select * from user_answers;
+----+--------+------------+----------+--------+---------------------+---------------------+
| id | userId | questionId | choiceId | quizId | createdAt           | updatedAt           |
+----+--------+------------+----------+--------+---------------------+---------------------+
|  1 |      1 |          1 |        1 |      1 | 2023-11-23 05:34:23 | 2023-11-23 05:34:23 |
|  2 |      1 |          2 |        2 |      1 | 2023-11-23 05:34:23 | 2023-11-23 05:34:23 |
|  3 |      1 |          3 |        3 |      1 | 2023-11-23 05:34:23 | 2023-11-23 05:34:23 |
|  4 |      1 |          4 |        4 |      1 | 2023-11-23 05:34:23 | 2023-11-23 05:34:23 |
+----+--------+------------+----------+--------+---------------------+---------------------+
4 rows in set (0.00 sec)

mysql> select * from quizzes;
+----+-----------+---------------------+---------------------+
| id | title     | createdAt           | updatedAt           |
+----+-----------+---------------------+---------------------+
|  1 | Test Quiz | 2023-11-23 05:34:23 | 2023-11-23 05:34:23 |
+----+-----------+---------------------+---------------------+
1 row in set (0.01 sec)

mysql> select * from questions
    -> ;
+----+-----------------+---------------------+---------------------+--------+
| id | question        | createdAt           | updatedAt           | quizId |
+----+-----------------+---------------------+---------------------+--------+
|  1 | Test Question 1 | 2023-11-23 05:34:23 | 2023-11-23 05:34:23 |      1 |
|  2 | Test Question 2 | 2023-11-23 05:34:23 | 2023-11-23 05:34:23 |      1 |
|  3 | Test Question 3 | 2023-11-23 05:34:23 | 2023-11-23 05:34:23 |      1 |
|  4 | Test Question 4 | 2023-11-23 05:34:23 | 2023-11-23 05:34:23 |      1 |
+----+-----------------+---------------------+---------------------+--------+
4 rows in set (0.00 sec)

mysql> select * from choices;
+----+----------+------------+---------------------+---------------------+------------+--------+
| id | choice   | is_correct | createdAt           | updatedAt           | questionId | quizId |
+----+----------+------------+---------------------+---------------------+------------+--------+
|  1 | Choice 1 |          1 | 2023-11-23 05:34:23 | 2023-11-23 05:34:23 |          1 |      1 |
|  2 | Choice 2 |          0 | 2023-11-23 05:34:23 | 2023-11-23 05:34:23 |          1 |      1 |
|  3 | Choice 3 |          0 | 2023-11-23 05:34:23 | 2023-11-23 05:34:23 |          1 |      1 |
|  4 | Choice 4 |          0 | 2023-11-23 05:34:23 | 2023-11-23 05:34:23 |          1 |      1 |
|  5 | Choice 1 |          0 | 2023-11-23 05:34:23 | 2023-11-23 05:34:23 |          2 |      1 |
|  6 | Choice 2 |          0 | 2023-11-23 05:34:23 | 2023-11-23 05:34:23 |          2 |      1 |
|  7 | Choice 3 |          1 | 2023-11-23 05:34:23 | 2023-11-23 05:34:23 |          2 |      1 |
|  8 | Choice 4 |          0 | 2023-11-23 05:34:23 | 2023-11-23 05:34:23 |          2 |      1 |
|  9 | Choice 1 |          0 | 2023-11-23 05:34:23 | 2023-11-23 05:34:23 |          3 |      1 |
| 10 | Choice 2 |          0 | 2023-11-23 05:34:23 | 2023-11-23 05:34:23 |          3 |      1 |
| 11 | Choice 3 |          1 | 2023-11-23 05:34:23 | 2023-11-23 05:34:23 |          3 |      1 |
| 12 | Choice 4 |          0 | 2023-11-23 05:34:23 | 2023-11-23 05:34:23 |          3 |      1 |
| 13 | Choice 1 |          0 | 2023-11-23 05:34:23 | 2023-11-23 05:34:23 |          4 |      1 |
| 14 | Choice 2 |          0 | 2023-11-23 05:34:23 | 2023-11-23 05:34:23 |          4 |      1 |
| 15 | Choice 3 |          0 | 2023-11-23 05:34:23 | 2023-11-23 05:34:23 |          4 |      1 |
| 16 | Choice 4 |          1 | 2023-11-23 05:34:23 | 2023-11-23 05:34:23 |          4 |      1 |
+----+----------+------------+---------------------+---------------------+------------+--------+
16 rows in set (0.01 sec)

mysql> select * from user_answers;
+----+--------+------------+----------+--------+---------------------+---------------------+
| id | userId | questionId | choiceId | quizId | createdAt           | updatedAt           |
+----+--------+------------+----------+--------+---------------------+---------------------+
|  1 |      1 |          1 |        1 |      1 | 2023-11-23 05:34:23 | 2023-11-23 05:34:23 |
|  2 |      1 |          2 |        2 |      1 | 2023-11-23 05:34:23 | 2023-11-23 05:34:23 |
|  3 |      1 |          3 |        3 |      1 | 2023-11-23 05:34:23 | 2023-11-23 05:34:23 |
|  4 |      1 |          4 |        4 |      1 | 2023-11-23 05:34:23 | 2023-11-23 05:34:23 |
+----+--------+------------+----------+--------+---------------------+---------------------+
4 rows in set (0.00 sec)

mysql> select * from user_answers;
Empty set (0.00 sec)

mysql> select * from questions;
+----+-----------------+---------------------+---------------------+--------+
| id | question        | createdAt           | updatedAt           | quizId |
+----+-----------------+---------------------+---------------------+--------+
|  1 | Test Question 1 | 2023-11-23 05:50:27 | 2023-11-23 05:50:27 |      1 |
|  2 | Test Question 2 | 2023-11-23 05:50:27 | 2023-11-23 05:50:27 |      1 |
|  3 | Test Question 3 | 2023-11-23 05:50:27 | 2023-11-23 05:50:27 |      1 |
|  4 | Test Question 4 | 2023-11-23 05:50:27 | 2023-11-23 05:50:27 |      1 |
+----+-----------------+---------------------+---------------------+--------+
4 rows in set (0.00 sec)

mysql> select * from choices;
+----+----------+------------+---------------------+---------------------+------------+--------+
| id | choice   | is_correct | createdAt           | updatedAt           | questionId | quizId |
+----+----------+------------+---------------------+---------------------+------------+--------+
|  1 | Choice 1 |          1 | 2023-11-23 05:50:27 | 2023-11-23 05:50:27 |          1 |      1 |
|  2 | Choice 2 |          0 | 2023-11-23 05:50:27 | 2023-11-23 05:50:27 |          1 |      1 |
|  3 | Choice 3 |          0 | 2023-11-23 05:50:27 | 2023-11-23 05:50:27 |          1 |      1 |
|  4 | Choice 4 |          0 | 2023-11-23 05:50:27 | 2023-11-23 05:50:27 |          1 |      1 |
|  5 | Choice 1 |          0 | 2023-11-23 05:50:27 | 2023-11-23 05:50:27 |          2 |      1 |
|  6 | Choice 2 |          0 | 2023-11-23 05:50:27 | 2023-11-23 05:50:27 |          2 |      1 |
|  7 | Choice 3 |          1 | 2023-11-23 05:50:27 | 2023-11-23 05:50:27 |          2 |      1 |
|  8 | Choice 4 |          0 | 2023-11-23 05:50:27 | 2023-11-23 05:50:27 |          2 |      1 |
|  9 | Choice 1 |          0 | 2023-11-23 05:50:27 | 2023-11-23 05:50:27 |          3 |      1 |
| 10 | Choice 2 |          0 | 2023-11-23 05:50:27 | 2023-11-23 05:50:27 |          3 |      1 |
| 11 | Choice 3 |          1 | 2023-11-23 05:50:27 | 2023-11-23 05:50:27 |          3 |      1 |
| 12 | Choice 4 |          0 | 2023-11-23 05:50:27 | 2023-11-23 05:50:27 |          3 |      1 |
| 13 | Choice 1 |          0 | 2023-11-23 05:50:27 | 2023-11-23 05:50:27 |          4 |      1 |
| 14 | Choice 2 |          0 | 2023-11-23 05:50:27 | 2023-11-23 05:50:27 |          4 |      1 |
| 15 | Choice 3 |          0 | 2023-11-23 05:50:27 | 2023-11-23 05:50:27 |          4 |      1 |
| 16 | Choice 4 |          1 | 2023-11-23 05:50:27 | 2023-11-23 05:50:27 |          4 |      1 |
+----+----------+------------+---------------------+---------------------+------------+--------+
16 rows in set (0.00 sec)

mysql> select * from quizzes;
+----+-----------+---------------------+---------------------+
| id | title     | createdAt           | updatedAt           |
+----+-----------+---------------------+---------------------+
|  1 | Test Quiz | 2023-11-23 05:50:27 | 2023-11-23 05:50:27 |
+----+-----------+---------------------+---------------------+
1 row in set (0.00 sec)

mysql> select * from quizzes, questions where quizzes.id = questions.quizId;
+----+-----------+---------------------+---------------------+----+-----------------+---------------------+---------------------+--------+
| id | title     | createdAt           | updatedAt           | id | question        | createdAt           | updatedAt           | quizId |
+----+-----------+---------------------+---------------------+----+-----------------+---------------------+---------------------+--------+
|  1 | Test Quiz | 2023-11-23 05:50:27 | 2023-11-23 05:50:27 |  1 | Test Question 1 | 2023-11-23 05:50:27 | 2023-11-23 05:50:27 |      1 |
|  1 | Test Quiz | 2023-11-23 05:50:27 | 2023-11-23 05:50:27 |  2 | Test Question 2 | 2023-11-23 05:50:27 | 2023-11-23 05:50:27 |      1 |
|  1 | Test Quiz | 2023-11-23 05:50:27 | 2023-11-23 05:50:27 |  3 | Test Question 3 | 2023-11-23 05:50:27 | 2023-11-23 05:50:27 |      1 |
|  1 | Test Quiz | 2023-11-23 05:50:27 | 2023-11-23 05:50:27 |  4 | Test Question 4 | 2023-11-23 05:50:27 | 2023-11-23 05:50:27 |      1 |
+----+-----------+---------------------+---------------------+----+-----------------+---------------------+---------------------+--------+
4 rows in set (0.00 sec)

mysql> select * from inner join quizzes, questions where quizzes.id = questions.quizId;
ERROR 1064 (42000): You have an error in your SQL syntax; check the manual that corresponds to your MySQL server version for the right syntax to use near 'inner join quizzes, questions where quizzes.id = questions.quizId' at line 1
mysql> select * from join quizzes, questions where quizzes.id = questions.quizId;
ERROR 1064 (42000): You have an error in your SQL syntax; check the manual that corresponds to your MySQL server version for the right syntax to use near 'join quizzes, questions where quizzes.id = questions.quizId' at line 1
mysql> select * from quizzes, questions where quizzes.id = questions.quizId;
+----+-----------+---------------------+---------------------+----+-----------------+---------------------+---------------------+--------+
| id | title     | createdAt           | updatedAt           | id | question        | createdAt           | updatedAt           | quizId |
+----+-----------+---------------------+---------------------+----+-----------------+---------------------+---------------------+--------+
|  1 | Test Quiz | 2023-11-23 05:50:27 | 2023-11-23 05:50:27 |  1 | Test Question 1 | 2023-11-23 05:50:27 | 2023-11-23 05:50:27 |      1 |
|  1 | Test Quiz | 2023-11-23 05:50:27 | 2023-11-23 05:50:27 |  2 | Test Question 2 | 2023-11-23 05:50:27 | 2023-11-23 05:50:27 |      1 |
|  1 | Test Quiz | 2023-11-23 05:50:27 | 2023-11-23 05:50:27 |  3 | Test Question 3 | 2023-11-23 05:50:27 | 2023-11-23 05:50:27 |      1 |
|  1 | Test Quiz | 2023-11-23 05:50:27 | 2023-11-23 05:50:27 |  4 | Test Question 4 | 2023-11-23 05:50:27 | 2023-11-23 05:50:27 |      1 |
+----+-----------+---------------------+---------------------+----+-----------------+---------------------+---------------------+--------+
4 rows in set (0.01 sec)

mysql> select * from quizzes, questions, choices where quizzes.id = questions.quizId and choices.questionId = questions.id;
+----+-----------+---------------------+---------------------+----+-----------------+---------------------+---------------------+--------+----+----------+------------+---------------------+---------------------+------------+--------+
| id | title     | createdAt           | updatedAt           | id | question        | createdAt           | updatedAt           | quizId | id | choice   | is_correct | createdAt           | updatedAt           | questionId | quizId |
+----+-----------+---------------------+---------------------+----+-----------------+---------------------+---------------------+--------+----+----------+------------+---------------------+---------------------+------------+--------+
|  1 | Test Quiz | 2023-11-23 05:50:27 | 2023-11-23 05:50:27 |  1 | Test Question 1 | 2023-11-23 05:50:27 | 2023-11-23 05:50:27 |      1 |  1 | Choice 1 |          1 | 2023-11-23 05:50:27 | 2023-11-23 05:50:27 |          1 |      1 |
|  1 | Test Quiz | 2023-11-23 05:50:27 | 2023-11-23 05:50:27 |  1 | Test Question 1 | 2023-11-23 05:50:27 | 2023-11-23 05:50:27 |      1 |  2 | Choice 2 |          0 | 2023-11-23 05:50:27 | 2023-11-23 05:50:27 |          1 |      1 |
|  1 | Test Quiz | 2023-11-23 05:50:27 | 2023-11-23 05:50:27 |  1 | Test Question 1 | 2023-11-23 05:50:27 | 2023-11-23 05:50:27 |      1 |  3 | Choice 3 |          0 | 2023-11-23 05:50:27 | 2023-11-23 05:50:27 |          1 |      1 |
|  1 | Test Quiz | 2023-11-23 05:50:27 | 2023-11-23 05:50:27 |  1 | Test Question 1 | 2023-11-23 05:50:27 | 2023-11-23 05:50:27 |      1 |  4 | Choice 4 |          0 | 2023-11-23 05:50:27 | 2023-11-23 05:50:27 |          1 |      1 |
|  1 | Test Quiz | 2023-11-23 05:50:27 | 2023-11-23 05:50:27 |  2 | Test Question 2 | 2023-11-23 05:50:27 | 2023-11-23 05:50:27 |      1 |  5 | Choice 1 |          0 | 2023-11-23 05:50:27 | 2023-11-23 05:50:27 |          2 |      1 |
|  1 | Test Quiz | 2023-11-23 05:50:27 | 2023-11-23 05:50:27 |  2 | Test Question 2 | 2023-11-23 05:50:27 | 2023-11-23 05:50:27 |      1 |  6 | Choice 2 |          0 | 2023-11-23 05:50:27 | 2023-11-23 05:50:27 |          2 |      1 |
|  1 | Test Quiz | 2023-11-23 05:50:27 | 2023-11-23 05:50:27 |  2 | Test Question 2 | 2023-11-23 05:50:27 | 2023-11-23 05:50:27 |      1 |  7 | Choice 3 |          1 | 2023-11-23 05:50:27 | 2023-11-23 05:50:27 |          2 |      1 |
|  1 | Test Quiz | 2023-11-23 05:50:27 | 2023-11-23 05:50:27 |  2 | Test Question 2 | 2023-11-23 05:50:27 | 2023-11-23 05:50:27 |      1 |  8 | Choice 4 |          0 | 2023-11-23 05:50:27 | 2023-11-23 05:50:27 |          2 |      1 |
|  1 | Test Quiz | 2023-11-23 05:50:27 | 2023-11-23 05:50:27 |  3 | Test Question 3 | 2023-11-23 05:50:27 | 2023-11-23 05:50:27 |      1 |  9 | Choice 1 |          0 | 2023-11-23 05:50:27 | 2023-11-23 05:50:27 |          3 |      1 |
|  1 | Test Quiz | 2023-11-23 05:50:27 | 2023-11-23 05:50:27 |  3 | Test Question 3 | 2023-11-23 05:50:27 | 2023-11-23 05:50:27 |      1 | 10 | Choice 2 |          0 | 2023-11-23 05:50:27 | 2023-11-23 05:50:27 |          3 |      1 |
|  1 | Test Quiz | 2023-11-23 05:50:27 | 2023-11-23 05:50:27 |  3 | Test Question 3 | 2023-11-23 05:50:27 | 2023-11-23 05:50:27 |      1 | 11 | Choice 3 |          1 | 2023-11-23 05:50:27 | 2023-11-23 05:50:27 |          3 |      1 |
|  1 | Test Quiz | 2023-11-23 05:50:27 | 2023-11-23 05:50:27 |  3 | Test Question 3 | 2023-11-23 05:50:27 | 2023-11-23 05:50:27 |      1 | 12 | Choice 4 |          0 | 2023-11-23 05:50:27 | 2023-11-23 05:50:27 |          3 |      1 |
|  1 | Test Quiz | 2023-11-23 05:50:27 | 2023-11-23 05:50:27 |  4 | Test Question 4 | 2023-11-23 05:50:27 | 2023-11-23 05:50:27 |      1 | 13 | Choice 1 |          0 | 2023-11-23 05:50:27 | 2023-11-23 05:50:27 |          4 |      1 |
|  1 | Test Quiz | 2023-11-23 05:50:27 | 2023-11-23 05:50:27 |  4 | Test Question 4 | 2023-11-23 05:50:27 | 2023-11-23 05:50:27 |      1 | 14 | Choice 2 |          0 | 2023-11-23 05:50:27 | 2023-11-23 05:50:27 |          4 |      1 |
|  1 | Test Quiz | 2023-11-23 05:50:27 | 2023-11-23 05:50:27 |  4 | Test Question 4 | 2023-11-23 05:50:27 | 2023-11-23 05:50:27 |      1 | 15 | Choice 3 |          0 | 2023-11-23 05:50:27 | 2023-11-23 05:50:27 |          4 |      1 |
|  1 | Test Quiz | 2023-11-23 05:50:27 | 2023-11-23 05:50:27 |  4 | Test Question 4 | 2023-11-23 05:50:27 | 2023-11-23 05:50:27 |      1 | 16 | Choice 4 |          1 | 2023-11-23 05:50:27 | 2023-11-23 05:50:27 |          4 |      1 |
+----+-----------+---------------------+---------------------+----+-----------------+---------------------+---------------------+--------+----+----------+------------+---------------------+---------------------+------------+--------+
16 rows in set (0.00 sec)

mysql> select quizId, questionId, choice.id, is_correct from quizzes, questions, choices where quizzes.id = questions.quizId and choices.questionId = questions.id;
ERROR 1052 (23000): Column 'quizId' in field list is ambiguous
mysql> select quizzes.id, questionId, choice.id, is_correct from quizzes, questions, choices where quizzes.id = questions.quizId and choices.questionId = questions.id;
ERROR 1054 (42S22): Unknown column 'choice.id' in 'field list'
mysql> select quizzes.id, questionId, choices.id, is_correct from quizzes, questions, choices where quizzes.id = questions.quizId and choices.questionId = questions.id;
+----+------------+----+------------+
| id | questionId | id | is_correct |
+----+------------+----+------------+
|  1 |          1 |  1 |          1 |
|  1 |          1 |  2 |          0 |
|  1 |          1 |  3 |          0 |
|  1 |          1 |  4 |          0 |
|  1 |          2 |  5 |          0 |
|  1 |          2 |  6 |          0 |
|  1 |          2 |  7 |          1 |
|  1 |          2 |  8 |          0 |
|  1 |          3 |  9 |          0 |
|  1 |          3 | 10 |          0 |
|  1 |          3 | 11 |          1 |
|  1 |          3 | 12 |          0 |
|  1 |          4 | 13 |          0 |
|  1 |          4 | 14 |          0 |
|  1 |          4 | 15 |          0 |
|  1 |          4 | 16 |          1 |
+----+------------+----+------------+
16 rows in set (0.00 sec)

mysql> select quizzes.id, questionId, choices.id as choiceId, is_correct from quizzes, questions, choices where quizzes.id = questions.quizId and choices.questionId = questions.id;
+----+------------+----------+------------+
| id | questionId | choiceId | is_correct |
+----+------------+----------+------------+
|  1 |          1 |        1 |          1 |
|  1 |          1 |        2 |          0 |
|  1 |          1 |        3 |          0 |
|  1 |          1 |        4 |          0 |
|  1 |          2 |        5 |          0 |
|  1 |          2 |        6 |          0 |
|  1 |          2 |        7 |          1 |
|  1 |          2 |        8 |          0 |
|  1 |          3 |        9 |          0 |
|  1 |          3 |       10 |          0 |
|  1 |          3 |       11 |          1 |
|  1 |          3 |       12 |          0 |
|  1 |          4 |       13 |          0 |
|  1 |          4 |       14 |          0 |
|  1 |          4 |       15 |          0 |
|  1 |          4 |       16 |          1 |
+----+------------+----------+------------+
16 rows in set (0.00 sec)

mysql> select quizzes.id as quizId, questionId, choices.id as userChoice, is_correct as correctChoice from quizzes, questions, choices where quizzes.id = questions.quizId and choices.questionId = questions.id and is_correct = 1;
+----+------------+----------+------------+
| id | questionId | choiceId | is_correct |
+----+------------+----------+------------+
|  1 |          1 |        1 |          1 |
|  1 |          2 |        7 |          1 |
|  1 |          3 |       11 |          1 |
|  1 |          4 |       16 |          1 |
+----+------------+----------+------------+
4 rows in set (0.00 sec)

mysql> select * from choices;
+----+----------+------------+---------------------+---------------------+------------+--------+
| id | choice   | is_correct | createdAt           | updatedAt           | questionId | quizId |
+----+----------+------------+---------------------+---------------------+------------+--------+
|  1 | Choice 1 |          1 | 2023-11-23 05:50:27 | 2023-11-23 05:50:27 |          1 |      1 |
|  2 | Choice 2 |          0 | 2023-11-23 05:50:27 | 2023-11-23 05:50:27 |          1 |      1 |
|  3 | Choice 3 |          0 | 2023-11-23 05:50:27 | 2023-11-23 05:50:27 |          1 |      1 |
|  4 | Choice 4 |          0 | 2023-11-23 05:50:27 | 2023-11-23 05:50:27 |          1 |      1 |
|  5 | Choice 1 |          0 | 2023-11-23 05:50:27 | 2023-11-23 05:50:27 |          2 |      1 |
|  6 | Choice 2 |          0 | 2023-11-23 05:50:27 | 2023-11-23 05:50:27 |          2 |      1 |
|  7 | Choice 3 |          1 | 2023-11-23 05:50:27 | 2023-11-23 05:50:27 |          2 |      1 |
|  8 | Choice 4 |          0 | 2023-11-23 05:50:27 | 2023-11-23 05:50:27 |          2 |      1 |
|  9 | Choice 1 |          0 | 2023-11-23 05:50:27 | 2023-11-23 05:50:27 |          3 |      1 |
| 10 | Choice 2 |          0 | 2023-11-23 05:50:27 | 2023-11-23 05:50:27 |          3 |      1 |
| 11 | Choice 3 |          1 | 2023-11-23 05:50:27 | 2023-11-23 05:50:27 |          3 |      1 |
| 12 | Choice 4 |          0 | 2023-11-23 05:50:27 | 2023-11-23 05:50:27 |          3 |      1 |
| 13 | Choice 1 |          0 | 2023-11-23 05:50:27 | 2023-11-23 05:50:27 |          4 |      1 |
| 14 | Choice 2 |          0 | 2023-11-23 05:50:27 | 2023-11-23 05:50:27 |          4 |      1 |
| 15 | Choice 3 |          0 | 2023-11-23 05:50:27 | 2023-11-23 05:50:27 |          4 |      1 |
| 16 | Choice 4 |          1 | 2023-11-23 05:50:27 | 2023-11-23 05:50:27 |          4 |      1 |
+----+----------+------------+---------------------+---------------------+------------+--------+
16 rows in set (0.00 sec)

mysql> select * from choices where is_correct = 1;
+----+----------+------------+---------------------+---------------------+------------+--------+
| id | choice   | is_correct | createdAt           | updatedAt           | questionId | quizId |
+----+----------+------------+---------------------+---------------------+------------+--------+
|  1 | Choice 1 |          1 | 2023-11-23 05:50:27 | 2023-11-23 05:50:27 |          1 |      1 |
|  7 | Choice 3 |          1 | 2023-11-23 05:50:27 | 2023-11-23 05:50:27 |          2 |      1 |
| 11 | Choice 3 |          1 | 2023-11-23 05:50:27 | 2023-11-23 05:50:27 |          3 |      1 |
| 16 | Choice 4 |          1 | 2023-11-23 05:50:27 | 2023-11-23 05:50:27 |          4 |      1 |
+----+----------+------------+---------------------+---------------------+------------+--------+
4 rows in set (0.00 sec)

mysql> select * from user_answers;
+----+--------+------------+------------+---------------+--------+---------------------+---------------------+
| id | userId | questionId | userChoice | correctChoice | quizId | createdAt           | updatedAt           |
+----+--------+------------+------------+---------------+--------+---------------------+---------------------+
|  1 |      1 |          1 |          1 |             2 |      1 | 2023-11-23 10:49:28 | 2023-11-23 10:49:28 |
|  2 |      1 |          2 |          2 |             3 |      1 | 2023-11-23 10:49:28 | 2023-11-23 10:49:28 |
|  3 |      1 |          3 |          3 |             3 |      1 | 2023-11-23 10:49:28 | 2023-11-23 10:49:28 |
|  4 |      1 |          4 |          4 |             4 |      1 | 2023-11-23 10:49:28 | 2023-11-23 10:49:28 |
+----+--------+------------+------------+---------------+--------+---------------------+---------------------+
4 rows in set (0.00 sec)

mysql> select count(*) from user_answers where userChoice = correctChoice;
+----------+
| count(*) |
+----------+
|        2 |
+----------+

mysql> select (select title from quizzes where id = 1) as quizTitle, (select count(*) from questions where quizId = 1) as totalQuestions, (select count(*) from answers where userChoice = correctChoice and userId = 1 and quizId = 1) as correctAnswers, (select username from users where id = 1) as username;
+-------------------+----------------+----------------+----------+
| quizTitle         | totalQuestions | correctAnswers | username |
+-------------------+----------------+----------------+----------+
| Javascript Quiz 1 |              4 |              1 | nanu     |
+-------------------+----------------+----------------+----------+
